// Jest Snapshot v1, https://goo.gl/fbAQLP

exports[`<App /> matches snapshot 1`] = `
<div class="app">
  <h1>
    BEST APP EVER
  </h1>
  <a href="/choose-your-pokemon">
    Choose Your Pokemon
  </a>
</div>
`;
