// Jest Snapshot v1, https://goo.gl/fbAQLP

exports[`<SelectedPokemon /> matches snapshot 1`] = `
<div>
  <h2>
    Congrats!
  </h2>
  <h3>
    You have selected raichu!
  </h3>
  <img src="https://raw.githubusercontent.com/PokeAPI/sprites/master/sprites/pokemon/26.png"
       alt="raichu"
  >
</div>
`;
